[{"key":"common","type":"parent","children":[{"key":"follow","type":"added","valueAfter":false},{"key":"setting1","type":"unchanged","valueBefore":"Value 1","valueAfter":"Value 1"},{"key":"setting2","type":"deleted","valueBefore":200},{"key":"setting3","type":"changed","valueBefore":true,"valueAfter":{"key":"value"}},{"key":"setting4","type":"added","valueAfter":"blah blah"},{"key":"setting5","type":"added","valueAfter":{"key5":"value5"}},{"key":"setting6","type":"parent","children":[{"key":"doge","type":"parent","children":[{"key":"wow","type":"changed","valueBefore":"too much","valueAfter":"so much"}]},{"key":"key","type":"unchanged","valueBefore":"value","valueAfter":"value"},{"key":"ops","type":"added","valueAfter":"vops"}]}]},{"key":"group1","type":"parent","children":[{"key":"baz","type":"changed","valueBefore":"bas","valueAfter":"bars"},{"key":"foo","type":"unchanged","valueBefore":"bar","valueAfter":"bar"},{"key":"nest","type":"changed","valueBefore":{"key":"value"},"valueAfter":"str"}]},{"key":"group2","type":"deleted","valueBefore":{"abc":12345,"deep":{"id":45}}},{"key":"group3","type":"added","valueAfter":{"fee":100500,"deep":{"id":{"number":45}}}}]